mode: set
words/internal/http/handlers/word.go:31.51,33.2 1 1
words/internal/http/handlers/word.go:35.71,38.60 2 1
words/internal/http/handlers/word.go:38.60,42.3 3 0
words/internal/http/handlers/word.go:44.2,44.52 1 1
words/internal/http/handlers/word.go:44.52,48.3 3 0
words/internal/http/handlers/word.go:50.2,50.35 1 1
words/internal/http/handlers/word.go:53.84,56.62 2 1
words/internal/http/handlers/word.go:56.62,60.3 3 0
words/internal/http/handlers/word.go:62.2,63.16 2 1
words/internal/http/handlers/word.go:63.16,67.3 3 1
words/internal/http/handlers/word.go:69.2,69.23 1 1
words/internal/http/handlers/word.go:73.66,75.16 2 1
words/internal/http/handlers/word.go:75.16,77.3 1 0
words/internal/http/handlers/word.go:78.2,78.14 1 1
words/internal/http/handlers/word.go:78.14,80.3 1 1
words/internal/http/handlers/word.go:82.2,82.18 1 1
words/internal/service/word/word.go:12.63,14.2 1 1
words/internal/service/word/word.go:16.51,19.2 2 1
words/internal/service/word/word.go:21.79,24.2 2 1
words/internal/storage/in_memory/in_memory.go:36.44,42.2 2 1
words/internal/storage/in_memory/in_memory.go:47.53,48.35 1 1
words/internal/storage/in_memory/in_memory.go:48.35,49.16 1 1
words/internal/storage/in_memory/in_memory.go:49.16,51.4 1 1
words/internal/storage/in_memory/in_memory.go:54.2,60.12 5 1
words/internal/storage/in_memory/in_memory.go:66.79,72.42 3 1
words/internal/storage/in_memory/in_memory.go:72.42,73.58 1 1
words/internal/storage/in_memory/in_memory.go:73.58,76.4 2 1
words/internal/storage/in_memory/in_memory.go:78.2,80.38 2 1
words/internal/storage/in_memory/in_memory.go:80.38,82.3 1 1
words/internal/storage/in_memory/in_memory.go:84.2,86.21 2 1
words/internal/storage/in_memory/in_memory.go:92.51,97.35 4 1
words/internal/storage/in_memory/in_memory.go:97.35,98.41 1 1
words/internal/storage/in_memory/in_memory.go:98.41,100.4 1 1
